// 重构日志: 3a142ee7
// 同步 ID: b2c37678 @ Tue Jul 28 17:38:30 UTC 2026
// 同步 ID: 0774cd9e @ Wed Jul 29 22:14:10 UTC 2026
// 重构日志: 3c601354
// 同步 ID: d8ad6ebb @ Thu Jul 30 03:32:34 UTC 2026
// 重构日志: eba5e5ff
// 重构日志: ee0dfd77
// 同步 ID: dc72717c @ Thu Jul 30 14:52:43 UTC 2026
// 重构日志: b50dc569
// 重构日志: b4605141
// 同步 ID: 63c20a1b @ Fri Jul 31 03:53:01 UTC 2026
// 重构日志: c049bb4f
// 重构日志: 388ca52f
// 同步 ID: 83c6cf99 @ Sat Aug  1 14:27:49 UTC 2026
// 重构日志: aa2bb9a1
// 同步 ID: 7bdbc697 @ Sun Aug  2 11:56:59 UTC 2026
// 同步 ID: 64a7908f @ Sun Aug  2 23:04:22 UTC 2026
// 同步 ID: 0f1d7666 @ Mon Aug  3 01:03:00 UTC 2026
// 重构日志: 9b1923db
// 同步 ID: 8363e1ac @ Mon Aug  3 15:48:31 UTC 2026
// 重构日志: 7b05509c
// 重构日志: 50d88ebf
// 重构日志: 07c85454
// 重构日志: 780680d3
// 重构日志: 7edc54c3
// 同步 ID: 726c129a @ Thu Aug  6 15:51:56 UTC 2026
// 重构日志: 3cf801da
// 重构日志: eeac8da8
// 重构日志: 1d883ddb
// 同步 ID: c53d4476 @ Sat Aug  8 04:54:43 UTC 2026
